

*******************************************************************************
Sat Oct  3 14:13:51 2026


FIT:    data read from 'data-for-fit' using 1:($2-exact)
        format = x:z
        #datapoints = 300
        residuals are weighted equally (unit weight)

function used for fitting: f(x)
	f(x) = a + b*x
fitted parameters initialized with current variable values

iter      chisq       delta/lim  lambda   a             b            
   0 3.2446184319e+02   0.00e+00  7.08e-01    1.000000e+00   1.000000e+00
   5 7.7007099383e-06  -7.09e-04  7.08e-06    2.052986e-02  -2.686489e-01

After 5 iterations the fit converged.
final sum of squares of residuals : 7.70071e-06
rel. change during last iteration : -7.0944e-09

degrees of freedom    (FIT_NDF)                        : 298
rms of residuals      (FIT_STDFIT) = sqrt(WSSR/ndf)    : 0.000160752
variance of residuals (reduced chisquare) = WSSR/ndf   : 2.58413e-08

Final set of parameters            Asymptotic Standard Error
=======================            ==========================
a               = 0.0205299        +/- 0.0001706    (0.831%)
b               = -0.268649        +/- 0.003572     (1.33%)

correlation matrix of the fit parameters:
                a      b      
a               1.000 
b              -0.999  1.000 
